../Drivers/CMSIS/Include/core_cm4.h:1688:22:__NVIC_EnableIRQ	16	static
../Core/Src/main.c:34:6:delay1sec	16	static
../Core/Src/main.c:44:6:delay3sec	16	static
../Core/Src/main.c:54:6:updateScore	16	static
../Core/Src/main.c:69:6:startGame	8	static
../Core/Src/main.c:86:5:main	24	static
../Core/Src/main.c:138:6:SystemClock_Config	88	static
../Core/Src/main.c:180:6:TRNG_Init	4	static
../Core/Src/main.c:188:10:TRNG_GetRandomNumber	24	static
../Core/Src/main.c:201:13:MX_TIM2_Init	8	static
../Core/Src/main.c:211:6:TIM2_IRQHandler	4	static
../Core/Src/main.c:216:13:MX_TIM5_Init	4	static
../Core/Src/main.c:224:6:EXTI0_IRQHandler	8	static
../Core/Src/main.c:241:6:EXTI1_IRQHandler	8	static
../Core/Src/main.c:258:6:EXTI2_IRQHandler	8	static
../Core/Src/main.c:274:6:EXTI3_IRQHandler	8	static
../Core/Src/main.c:290:6:EXTI4_IRQHandler	8	static
../Core/Src/main.c:306:6:EXTI9_5_IRQHandler	8	static
../Core/Src/main.c:387:6:EXTI15_10_IRQHandler	8	static
../Core/Src/main.c:482:13:MX_GPIO_Init	48	static
../Core/Src/main.c:591:6:Error_Handler	4	static,ignoring_inline_asm
